[00:08:51] === F8 delete_all 클릭 (all_children=168개) ===
[00:08:53] F8 delete_all: 사용자 확인 — 168개 삭제 진행
[00:08:53] _purge 호출 (places=168개)
[00:08:53] _purge: 168개 고유 key. 첫 key=('참조은방문요양센터', '서울 관악구 구암길 98 제분산상가동 2층, 205호')
[00:08:53] _purge: log_dir=T:\program\블로그마스터\logs\kidth1
[00:08:53] _purge: 전체 12개 / 유효 .json 6개
[00:08:53]   서울_강북구_요양원.json: items 32개 모두 삭제 → 파일 삭제
[00:08:53]   서울_강남구_요양원.json: items 19개 모두 삭제 → 파일 삭제
[00:08:53]   서울_강동구_요양원.json: items 34개 모두 삭제 → 파일 삭제
[00:08:53]   서울_강서구_요양원.json: items 38개 모두 삭제 → 파일 삭제
[00:08:53]   서울_관악구_요양원.json: items 35개 모두 삭제 → 파일 삭제
[00:08:53]   서울_광진구_요양원.json: items 10개 모두 삭제 → 파일 삭제
[00:08:53] _purge: crawled_data 0→0 동기화
[00:08:53] _purge 완료: 총 168개 제거
[00:08:53] F8 delete_all: _purge가 168개 제거 보고
[23:05:40] _purge 호출 (places=42개)
[23:05:40] _purge: 42개 고유 key. 첫 key=('부산 개인회생 법무사 하상봉사무소', '부산 연제구 법원로 28 8층 802호')
[23:05:40] _purge: log_dir=C:\Mac\Home\Desktop\program\블로그마스터\logs\kidth1_fkfkfk333
[23:05:40] _purge: 전체 2개 / 유효 .json 2개
[23:05:40]   가평_펜션.json: items 2개 모두 삭제 → 파일 삭제
[23:05:40]   부산_개인회생.json: items 41→1 재기록
[23:05:40] _purge: crawled_data 41→1 동기화
[23:05:40] _purge 완료: 총 42개 제거
[15:21:39] _purge 호출 (places=14개)
[15:21:39] _purge: 14개 고유 key. 첫 key=('월드컨설팅', '서울 강남구 역삼동')
[15:21:39] _purge: log_dir=C:\Mac\Home\Desktop\프로그램\블로그마스터\logs\kidth1_todayisgood77
[15:21:39] _purge: 전체 18개 / 유효 .json 18개
[15:21:39]   서울_강북구_회계사.json: items 3개 — 매칭 0 → skip
[15:21:39]   서울_강남구_헬스장.json: items 285개 — 매칭 0 → skip
[15:21:39]   서울_강남구_요양원.json: items 29→20 재기록
[15:21:39]   서울_강북구_세무사.json: items 55개 — 매칭 0 → skip
[15:21:39]   places_20260621_092222.json: items 178개 — 매칭 0 → skip
[15:21:39]   서울_강동구_세무사.json: items 143개 — 매칭 0 → skip
[15:21:39]   places_20260620_235909.json: items 855개 — 매칭 0 → skip
[15:21:39]   서울_강동구_헬스장.json: items 206개 — 매칭 0 → skip
[15:21:39]   places_20260621_140317.json: items 482개 — 매칭 0 → skip
[15:21:39]   places_20260621_152039.json: items 100→86 재기록
[15:21:39]   서울_강동구_요양원.json: items 38→33 재기록
[15:21:39]   서울_강동구_회계사.json: items 8개 — 매칭 0 → skip
[15:21:39]   서울_강남구_회계사.json: items 168개 — 매칭 0 → skip
[15:21:39]   서울_강남구_세무사.json: items 284개 — 매칭 0 → skip
[15:21:39]   서울_강북구_요양원.json: items 34개 — 매칭 0 → skip
[15:21:39]   서울_강북구_헬스장.json: items 85개 — 매칭 0 → skip
[15:21:39]   places_20260621_131909.json: items 576개 — 매칭 0 → skip
[15:21:39]   places_20260621_091850.json: items 482개 — 매칭 0 → skip
[15:21:39] _purge: crawled_data 100→86 동기화
[15:21:39] _purge 완료: 총 28개 제거
[11:45:30] _purge 호출 (places=107개)
[11:45:30] _purge: 107개 고유 key. 첫 key=('월드간병협회', '부산 중구 중앙동2가')
[11:45:30] _purge: log_dir=C:\Mac\Home\Desktop\프로그램\블로그마스터\logs\kidth1_todayisgood77
[11:45:30] _purge: 전체 116개 / 유효 .json 116개
[11:45:30]   경기_수원시_권선구_요양원.json: items 46개 — 매칭 0 → skip
[11:45:30]   서울_강북구_회계사.json: items 3개 — 매칭 0 → skip
[11:45:30]   경기_용인시_수지구_요양원.json: items 35개 — 매칭 0 → skip
[11:45:30]   경남_창원시_진해구_요양병원.json: items 6→4 재기록
[11:45:30]   서울_성북구_요양원.json: items 43개 — 매칭 0 → skip
[11:45:30]   부산_수영구_요양병원.json: items 13→9 재기록
[11:45:30]   서울_강남구_헬스장.json: items 285개 — 매칭 0 → skip
[11:45:30]   부산_해운대구_요양병원.json: items 20→17 재기록
[11:45:30]   서울_강남구_요양원.json: items 30개 — 매칭 0 → skip
[11:45:30]   경남_진주시_요양병원.json: items 13→7 재기록
[11:45:30]   경기_파주시_요양원.json: items 85개 — 매칭 0 → skip
[11:45:30]   경남_거창군_요양병원.json: items 3개 — 매칭 0 → skip
[11:45:30]   경기_김포시_요양원.json: items 25개 — 매칭 0 → skip
[11:45:30]   부산_영도구_요양병원.json: items 7→5 재기록
[11:45:30]   경남_합천군_요양병원.json: items 2개 — 매칭 0 → skip
[11:45:30]   경남_하동군_요양병원.json: items 3개 — 매칭 0 → skip
[11:45:30]   서울_도봉구_요양원.json: items 51개 — 매칭 0 → skip
[11:45:30]   경남_산청군_요양병원.json: items 1개 — 매칭 0 → skip
[11:45:30]   서울_강북구_세무사.json: items 55개 — 매칭 0 → skip
[11:45:30]   places_20260621_092222.json: items 178개 — 매칭 0 → skip
[11:45:30]   서울_중랑구_요양원.json: items 45개 — 매칭 0 → skip
[11:45:30]   서울_관악구_요양원.json: items 41개 — 매칭 0 → skip
[11:45:30]   경기_용인시_처인구_요양원.json: items 72개 — 매칭 0 → skip
[11:45:30]   경남_양산시_요양병원.json: items 29→22 재기록
[11:45:30]   서울_동대문구_요양원.json: items 33개 — 매칭 0 → skip
[11:45:30]   부산_연제구_요양병원.json: items 18→16 재기록
[11:45:30]   부산_동래구_요양병원.json: items 21→18 재기록
[11:45:30]   서울_강동구_세무사.json: items 143개 — 매칭 0 → skip
[11:45:30]   울산_울주군_요양병원.json: items 16→15 재기록
[11:45:30]   경남_통영시_요양병원.json: items 4→3 재기록
[11:45:30]   경기_광명시_요양원.json: items 20개 — 매칭 0 → skip
[11:45:30]   경남_창원시_요양병원.json: items 76→54 재기록
[11:45:30]   경기_수원시_요양원.json: items 147개 — 매칭 0 → skip
[11:45:30]   places_20260620_235909.json: items 855개 — 매칭 0 → skip
[11:45:30]   경남_사천시_요양병원.json: items 9→6 재기록
[11:45:30]   서울_강동구_헬스장.json: items 206개 — 매칭 0 → skip
[11:45:30]   경기_화성시_요양원.json: items 158개 — 매칭 0 → skip
[11:45:30]   경남_김해시_요양병원.json: items 40→34 재기록
[11:45:30]   부산_사상구_요양병원.json: items 21→18 재기록
[11:45:30]   경기_고양시_일산서구_요양원.json: items 53개 — 매칭 0 → skip
[11:45:30]   places_20260621_140317.json: items 482개 — 매칭 0 → skip
[11:45:30]   places_20260621_152039.json: items 86개 — 매칭 0 → skip
[11:45:30]   서울_구로구_요양원.json: items 28개 — 매칭 0 → skip
[11:45:30]   경기_부천시_요양원.json: items 165개 — 매칭 0 → skip
[11:45:30]   경기_안산시_상록구_요양원.json: items 80개 — 매칭 0 → skip
[11:45:30]   서울_서초구_요양원.json: items 20개 — 매칭 0 → skip
[11:45:30]   경기_수원시_영통구_요양원.json: items 20개 — 매칭 0 → skip
[11:45:30]   서울_강동구_요양원.json: items 39개 — 매칭 0 → skip
[11:45:30]   서울_강동구_회계사.json: items 8개 — 매칭 0 → skip
[11:45:30]   부산_사하구_요양병원.json: items 27→24 재기록
[11:45:30]   서울_강남구_회계사.json: items 168개 — 매칭 0 → skip
[11:45:30]   부산_강서구_요양병원.json: items 2→1 재기록
[11:45:30]   경기_군포시_요양원.json: items 60개 — 매칭 0 → skip
[11:45:30]   부산_서구_요양병원.json: items 6→4 재기록
[11:45:30]   경기_용인시_기흥구_요양원.json: items 5개 — 매칭 0 → skip
[11:45:30]   서울_마포구_요양원.json: items 12개 — 매칭 0 → skip
[11:45:30]   경기_용인시_요양원.json: items 166개 — 매칭 0 → skip
[11:45:30]   경기_고양시_덕양구_요양원.json: items 102개 — 매칭 0 → skip
[11:45:30]   부산_북구_요양병원.json: items 18→14 재기록
[11:45:30]   places_20260721_112943.json: items 491→384 재기록
[11:45:30]   울산_동구_요양병원.json: items 4개 — 매칭 0 → skip
[11:45:30]   경기_성남시_분당구_요양원.json: items 5개 — 매칭 0 → skip
[11:45:30]   서울_중구_요양원.json: items 8개 — 매칭 0 → skip
[11:45:30]   서울_은평구_요양원.json: items 33개 — 매칭 0 → skip
[11:45:30]   경기_안양시_요양원.json: items 64개 — 매칭 0 → skip
[11:45:30]   부산_남구_요양병원.json: items 12→9 재기록
[11:45:30]   경남_창원시_성산구_요양병원.json: items 7→4 재기록
[11:45:30]   서울_송파구_요양원.json: items 36개 — 매칭 0 → skip
[11:45:30]   경남_거제시_요양병원.json: items 6→4 재기록
[11:45:30]   경기_성남시_중원구_요양원.json: items 5개 — 매칭 0 → skip
[11:45:30]   경기_고양시_요양원.json: items 5개 — 매칭 0 → skip
[11:45:30]   서울_종로구_요양원.json: items 20개 — 매칭 0 → skip
[11:45:30]   부산진구_요양병원.json: items 23→16 재기록
[11:45:30]   서울_강남구_세무사.json: items 284개 — 매칭 0 → skip
[11:45:30]   경기_안양시_만안구_요양원.json: items 43개 — 매칭 0 → skip
[11:45:30]   경남_남해군_요양병원.json: items 1개 — 매칭 0 → skip
[11:45:30]   울산_중구_요양병원.json: items 9→7 재기록
[11:45:30]   서울_노원구_요양원.json: items 43개 — 매칭 0 → skip
[11:45:30]   서울_광진구_요양원.json: items 31개 — 매칭 0 → skip
[11:45:30]   서울_성동구_요양원.json: items 12개 — 매칭 0 → skip
[11:45:30]   경기_안산시_요양원.json: items 155개 — 매칭 0 → skip
[11:45:31]   경기_성남시_요양원.json: items 73개 — 매칭 0 → skip
[11:45:31]   울산_북구_요양병원.json: items 8개 — 매칭 0 → skip
[11:45:31]   경남_고성군_요양병원.json: items 5→3 재기록
[11:45:31]   경기_평택시_요양원.json: items 83개 — 매칭 0 → skip
[11:45:31]   경남_창원시_마산합포구_요양병원.json: items 19→15 재기록
[11:45:31]   경기_안산시_단원구_요양원.json: items 80개 — 매칭 0 → skip
[11:45:31]   서울_서대문구_요양원.json: items 23개 — 매칭 0 → skip
[11:45:31]   서울_강북구_요양원.json: items 34개 — 매칭 0 → skip
[11:45:31]   서울_강북구_헬스장.json: items 85개 — 매칭 0 → skip
[11:45:31]   경기_남양주시_요양원.json: items 234개 — 매칭 0 → skip
[11:45:31]   서울_양천구_요양원.json: items 30개 — 매칭 0 → skip
[11:45:31]   경기_수원시_팔달구_요양원.json: items 37개 — 매칭 0 → skip
[11:45:31]   서울_용산구_요양원.json: items 9개 — 매칭 0 → skip
[11:45:31]   부산_동구_요양병원.json: items 7→5 재기록
[11:45:31]   서울_강서구_요양원.json: items 46개 — 매칭 0 → skip
[11:45:31]   places_20260621_131909.json: items 576개 — 매칭 0 → skip
[11:45:31]   경남_밀양시_요양병원.json: items 6→5 재기록
[11:45:31]   경남_창녕군_요양병원.json: items 13→9 재기록
[11:45:31]   경남_함안군_요양병원.json: items 4→3 재기록
[11:45:31]   서울_영등포구_요양원.json: items 20개 — 매칭 0 → skip
[11:45:31]   경기_안양시_동안구_요양원.json: items 22개 — 매칭 0 → skip
[11:45:31]   서울_금천구_요양원.json: items 35개 — 매칭 0 → skip
[11:45:31]   경남_창원시_마산회원구_요양병원.json: items 22→14 재기록
[11:45:31]   경기_의정부시_요양원.json: items 134개 — 매칭 0 → skip
[11:45:31]   경기_시흥시_요양원.json: items 121개 — 매칭 0 → skip
[11:45:31]   울산_남구_요양병원.json: items 21→18 재기록
[11:45:31]   경기_성남시_수정구_요양원.json: items 24개 — 매칭 0 → skip
[11:45:31]   부산_금정구_요양병원.json: items 23→18 재기록
[11:45:31]   부산_중구_요양병원.json: items 7→6 재기록
[11:45:31]   경남_창원시_의창구_요양병원.json: items 22→17 재기록
[11:45:31]   places_20260621_091850.json: items 482개 — 매칭 0 → skip
[11:45:31]   서울_동작구_요양원.json: items 15개 — 매칭 0 → skip
[11:45:31]   경기_수원시_장안구_요양원.json: items 45개 — 매칭 0 → skip
[11:45:31]   경기_고양시_일산동구_요양원.json: items 115개 — 매칭 0 → skip
[11:45:31]   부산_기장군_요양병원.json: items 11→10 재기록
[11:45:31] _purge: crawled_data 491→384 동기화
[11:45:31] _purge 완료: 총 236개 제거
[11:45:48] _purge 호출 (places=20개)
[11:45:48] _purge: 20개 고유 key. 첫 key=('성미카엘요양병원A동', '경남 창원시 의창구 봉림동')
[11:45:48] _purge: log_dir=C:\Mac\Home\Desktop\프로그램\블로그마스터\logs\kidth1_todayisgood77
[11:45:48] _purge: 전체 116개 / 유효 .json 116개
[11:45:48]   경기_수원시_권선구_요양원.json: items 46개 — 매칭 0 → skip
[11:45:48]   서울_강북구_회계사.json: items 3개 — 매칭 0 → skip
[11:45:48]   경기_용인시_수지구_요양원.json: items 35개 — 매칭 0 → skip
[11:45:48]   경남_창원시_진해구_요양병원.json: items 4개 — 매칭 0 → skip
[11:45:48]   서울_성북구_요양원.json: items 43개 — 매칭 0 → skip
[11:45:48]   부산_수영구_요양병원.json: items 9개 — 매칭 0 → skip
[11:45:48]   서울_강남구_헬스장.json: items 285개 — 매칭 0 → skip
[11:45:48]   부산_해운대구_요양병원.json: items 17개 — 매칭 0 → skip
[11:45:48]   서울_강남구_요양원.json: items 30개 — 매칭 0 → skip
[11:45:48]   경남_진주시_요양병원.json: items 7→6 재기록
[11:45:48]   경기_파주시_요양원.json: items 85개 — 매칭 0 → skip
[11:45:48]   경남_거창군_요양병원.json: items 3개 — 매칭 0 → skip
[11:45:48]   경기_김포시_요양원.json: items 25개 — 매칭 0 → skip
[11:45:48]   부산_영도구_요양병원.json: items 5개 — 매칭 0 → skip
[11:45:48]   경남_합천군_요양병원.json: items 2개 — 매칭 0 → skip
[11:45:48]   경남_하동군_요양병원.json: items 3개 — 매칭 0 → skip
[11:45:48]   서울_도봉구_요양원.json: items 51개 — 매칭 0 → skip
[11:45:48]   경남_산청군_요양병원.json: items 1개 — 매칭 0 → skip
[11:45:48]   서울_강북구_세무사.json: items 55개 — 매칭 0 → skip
[11:45:48]   places_20260621_092222.json: items 178개 — 매칭 0 → skip
[11:45:48]   서울_중랑구_요양원.json: items 45개 — 매칭 0 → skip
[11:45:48]   서울_관악구_요양원.json: items 41개 — 매칭 0 → skip
[11:45:48]   경기_용인시_처인구_요양원.json: items 72개 — 매칭 0 → skip
[11:45:48]   경남_양산시_요양병원.json: items 22개 — 매칭 0 → skip
[11:45:48]   서울_동대문구_요양원.json: items 33개 — 매칭 0 → skip
[11:45:48]   부산_연제구_요양병원.json: items 16개 — 매칭 0 → skip
[11:45:48]   부산_동래구_요양병원.json: items 18→16 재기록
[11:45:48]   서울_강동구_세무사.json: items 143개 — 매칭 0 → skip
[11:45:48]   울산_울주군_요양병원.json: items 15→14 재기록
[11:45:48]   경남_통영시_요양병원.json: items 3개 — 매칭 0 → skip
[11:45:48]   경기_광명시_요양원.json: items 20개 — 매칭 0 → skip
[11:45:48]   경남_창원시_요양병원.json: items 54→45 재기록
[11:45:48]   경기_수원시_요양원.json: items 147개 — 매칭 0 → skip
[11:45:48]   places_20260620_235909.json: items 855개 — 매칭 0 → skip
[11:45:48]   경남_사천시_요양병원.json: items 6개 — 매칭 0 → skip
[11:45:48]   서울_강동구_헬스장.json: items 206개 — 매칭 0 → skip
[11:45:48]   경기_화성시_요양원.json: items 158개 — 매칭 0 → skip
[11:45:48]   경남_김해시_요양병원.json: items 34→33 재기록
[11:45:48]   부산_사상구_요양병원.json: items 18개 — 매칭 0 → skip
[11:45:48]   경기_고양시_일산서구_요양원.json: items 53개 — 매칭 0 → skip
[11:45:48]   places_20260621_140317.json: items 482개 — 매칭 0 → skip
[11:45:48]   places_20260621_152039.json: items 86개 — 매칭 0 → skip
[11:45:48]   서울_구로구_요양원.json: items 28개 — 매칭 0 → skip
[11:45:48]   경기_부천시_요양원.json: items 165개 — 매칭 0 → skip
[11:45:48]   경기_안산시_상록구_요양원.json: items 80개 — 매칭 0 → skip
[11:45:48]   서울_서초구_요양원.json: items 20개 — 매칭 0 → skip
[11:45:48]   경기_수원시_영통구_요양원.json: items 20개 — 매칭 0 → skip
[11:45:48]   서울_강동구_요양원.json: items 39개 — 매칭 0 → skip
[11:45:48]   서울_강동구_회계사.json: items 8개 — 매칭 0 → skip
[11:45:48]   부산_사하구_요양병원.json: items 24→23 재기록
[11:45:48]   서울_강남구_회계사.json: items 168개 — 매칭 0 → skip
[11:45:48]   부산_강서구_요양병원.json: items 1개 — 매칭 0 → skip
[11:45:48]   경기_군포시_요양원.json: items 60개 — 매칭 0 → skip
[11:45:48]   부산_서구_요양병원.json: items 4개 — 매칭 0 → skip
[11:45:48]   경기_용인시_기흥구_요양원.json: items 5개 — 매칭 0 → skip
[11:45:48]   서울_마포구_요양원.json: items 12개 — 매칭 0 → skip
[11:45:48]   경기_용인시_요양원.json: items 166개 — 매칭 0 → skip
[11:45:48]   경기_고양시_덕양구_요양원.json: items 102개 — 매칭 0 → skip
[11:45:48]   부산_북구_요양병원.json: items 14→13 재기록
[11:45:48]   places_20260721_112943.json: items 384→364 재기록
[11:45:48]   울산_동구_요양병원.json: items 4개 — 매칭 0 → skip
[11:45:48]   경기_성남시_분당구_요양원.json: items 5개 — 매칭 0 → skip
[11:45:48]   서울_중구_요양원.json: items 8개 — 매칭 0 → skip
[11:45:48]   서울_은평구_요양원.json: items 33개 — 매칭 0 → skip
[11:45:48]   경기_안양시_요양원.json: items 64개 — 매칭 0 → skip
[11:45:48]   부산_남구_요양병원.json: items 9개 — 매칭 0 → skip
[11:45:48]   경남_창원시_성산구_요양병원.json: items 4→3 재기록
[11:45:48]   서울_송파구_요양원.json: items 36개 — 매칭 0 → skip
[11:45:48]   경남_거제시_요양병원.json: items 4→3 재기록
[11:45:48]   경기_성남시_중원구_요양원.json: items 5개 — 매칭 0 → skip
[11:45:48]   경기_고양시_요양원.json: items 5개 — 매칭 0 → skip
[11:45:48]   서울_종로구_요양원.json: items 20개 — 매칭 0 → skip
[11:45:48]   부산진구_요양병원.json: items 16개 — 매칭 0 → skip
[11:45:48]   서울_강남구_세무사.json: items 284개 — 매칭 0 → skip
[11:45:48]   경기_안양시_만안구_요양원.json: items 43개 — 매칭 0 → skip
[11:45:48]   경남_남해군_요양병원.json: items 1개 — 매칭 0 → skip
[11:45:48]   울산_중구_요양병원.json: items 7개 — 매칭 0 → skip
[11:45:48]   서울_노원구_요양원.json: items 43개 — 매칭 0 → skip
[11:45:48]   서울_광진구_요양원.json: items 31개 — 매칭 0 → skip
[11:45:48]   서울_성동구_요양원.json: items 12개 — 매칭 0 → skip
[11:45:48]   경기_안산시_요양원.json: items 155개 — 매칭 0 → skip
[11:45:48]   경기_성남시_요양원.json: items 73개 — 매칭 0 → skip
[11:45:48]   울산_북구_요양병원.json: items 8개 — 매칭 0 → skip
[11:45:48]   경남_고성군_요양병원.json: items 3개 — 매칭 0 → skip
[11:45:48]   경기_평택시_요양원.json: items 83개 — 매칭 0 → skip
[11:45:48]   경남_창원시_마산합포구_요양병원.json: items 15→14 재기록
[11:45:48]   경기_안산시_단원구_요양원.json: items 80개 — 매칭 0 → skip
[11:45:48]   서울_서대문구_요양원.json: items 23개 — 매칭 0 → skip
[11:45:48]   서울_강북구_요양원.json: items 34개 — 매칭 0 → skip
[11:45:48]   서울_강북구_헬스장.json: items 85개 — 매칭 0 → skip
[11:45:48]   경기_남양주시_요양원.json: items 234개 — 매칭 0 → skip
[11:45:48]   서울_양천구_요양원.json: items 30개 — 매칭 0 → skip
[11:45:48]   경기_수원시_팔달구_요양원.json: items 37개 — 매칭 0 → skip
[11:45:48]   서울_용산구_요양원.json: items 9개 — 매칭 0 → skip
[11:45:48]   부산_동구_요양병원.json: items 5개 — 매칭 0 → skip
[11:45:48]   서울_강서구_요양원.json: items 46개 — 매칭 0 → skip
[11:45:48]   places_20260621_131909.json: items 576개 — 매칭 0 → skip
[11:45:48]   경남_밀양시_요양병원.json: items 5개 — 매칭 0 → skip
[11:45:48]   경남_창녕군_요양병원.json: items 9개 — 매칭 0 → skip
[11:45:48]   경남_함안군_요양병원.json: items 3→2 재기록
[11:45:48]   서울_영등포구_요양원.json: items 20개 — 매칭 0 → skip
[11:45:48]   경기_안양시_동안구_요양원.json: items 22개 — 매칭 0 → skip
[11:45:48]   서울_금천구_요양원.json: items 35개 — 매칭 0 → skip
[11:45:48]   경남_창원시_마산회원구_요양병원.json: items 14→12 재기록
[11:45:48]   경기_의정부시_요양원.json: items 134개 — 매칭 0 → skip
[11:45:48]   경기_시흥시_요양원.json: items 121개 — 매칭 0 → skip
[11:45:48]   울산_남구_요양병원.json: items 18→17 재기록
[11:45:48]   경기_성남시_수정구_요양원.json: items 24개 — 매칭 0 → skip
[11:45:48]   부산_금정구_요양병원.json: items 18개 — 매칭 0 → skip
[11:45:48]   부산_중구_요양병원.json: items 6→5 재기록
[11:45:48]   경남_창원시_의창구_요양병원.json: items 17→12 재기록
[11:45:48]   places_20260621_091850.json: items 482개 — 매칭 0 → skip
[11:45:48]   서울_동작구_요양원.json: items 15개 — 매칭 0 → skip
[11:45:48]   경기_수원시_장안구_요양원.json: items 45개 — 매칭 0 → skip
[11:45:48]   경기_고양시_일산동구_요양원.json: items 115개 — 매칭 0 → skip
[11:45:48]   부산_기장군_요양병원.json: items 10개 — 매칭 0 → skip
[11:45:48] _purge: crawled_data 384→364 동기화
[11:45:48] _purge 완료: 총 49개 제거
[11:46:20] _purge 호출 (places=24개)
[11:46:20] _purge: 24개 고유 key. 첫 key=('의료법인창녕서울의료재단창녕서울병원', '경남 창녕군 창녕읍')
[11:46:20] _purge: log_dir=C:\Mac\Home\Desktop\프로그램\블로그마스터\logs\kidth1_todayisgood77
[11:46:20] _purge: 전체 116개 / 유효 .json 116개
[11:46:20]   경기_수원시_권선구_요양원.json: items 46개 — 매칭 0 → skip
[11:46:20]   서울_강북구_회계사.json: items 3개 — 매칭 0 → skip
[11:46:20]   경기_용인시_수지구_요양원.json: items 35개 — 매칭 0 → skip
[11:46:20]   경남_창원시_진해구_요양병원.json: items 4개 — 매칭 0 → skip
[11:46:20]   서울_성북구_요양원.json: items 43개 — 매칭 0 → skip
[11:46:20]   부산_수영구_요양병원.json: items 9개 — 매칭 0 → skip
[11:46:20]   서울_강남구_헬스장.json: items 285개 — 매칭 0 → skip
[11:46:20]   부산_해운대구_요양병원.json: items 17→16 재기록
[11:46:20]   서울_강남구_요양원.json: items 30개 — 매칭 0 → skip
[11:46:20]   경남_진주시_요양병원.json: items 6개 — 매칭 0 → skip
[11:46:20]   경기_파주시_요양원.json: items 85개 — 매칭 0 → skip
[11:46:20]   경남_거창군_요양병원.json: items 3개 — 매칭 0 → skip
[11:46:20]   경기_김포시_요양원.json: items 25개 — 매칭 0 → skip
[11:46:20]   부산_영도구_요양병원.json: items 5개 — 매칭 0 → skip
[11:46:20]   경남_합천군_요양병원.json: items 2개 — 매칭 0 → skip
[11:46:20]   경남_하동군_요양병원.json: items 3개 — 매칭 0 → skip
[11:46:20]   서울_도봉구_요양원.json: items 51개 — 매칭 0 → skip
[11:46:20]   경남_산청군_요양병원.json: items 1개 — 매칭 0 → skip
[11:46:20]   서울_강북구_세무사.json: items 55개 — 매칭 0 → skip
[11:46:20]   places_20260621_092222.json: items 178개 — 매칭 0 → skip
[11:46:20]   서울_중랑구_요양원.json: items 45개 — 매칭 0 → skip
[11:46:20]   서울_관악구_요양원.json: items 41개 — 매칭 0 → skip
[11:46:20]   경기_용인시_처인구_요양원.json: items 72개 — 매칭 0 → skip
[11:46:20]   경남_양산시_요양병원.json: items 22→16 재기록
[11:46:20]   서울_동대문구_요양원.json: items 33개 — 매칭 0 → skip
[11:46:20]   부산_연제구_요양병원.json: items 16→15 재기록
[11:46:20]   부산_동래구_요양병원.json: items 16→15 재기록
[11:46:20]   서울_강동구_세무사.json: items 143개 — 매칭 0 → skip
[11:46:20]   울산_울주군_요양병원.json: items 14→13 재기록
[11:46:20]   경남_통영시_요양병원.json: items 3개 — 매칭 0 → skip
[11:46:20]   경기_광명시_요양원.json: items 20개 — 매칭 0 → skip
[11:46:20]   경남_창원시_요양병원.json: items 45→43 재기록
[11:46:20]   경기_수원시_요양원.json: items 147개 — 매칭 0 → skip
[11:46:20]   places_20260620_235909.json: items 855개 — 매칭 0 → skip
[11:46:20]   경남_사천시_요양병원.json: items 6개 — 매칭 0 → skip
[11:46:20]   서울_강동구_헬스장.json: items 206개 — 매칭 0 → skip
[11:46:20]   경기_화성시_요양원.json: items 158개 — 매칭 0 → skip
[11:46:20]   경남_김해시_요양병원.json: items 33→32 재기록
[11:46:20]   부산_사상구_요양병원.json: items 18→17 재기록
[11:46:20]   경기_고양시_일산서구_요양원.json: items 53개 — 매칭 0 → skip
[11:46:20]   places_20260621_140317.json: items 482개 — 매칭 0 → skip
[11:46:20]   places_20260621_152039.json: items 86개 — 매칭 0 → skip
[11:46:20]   서울_구로구_요양원.json: items 28개 — 매칭 0 → skip
[11:46:20]   경기_부천시_요양원.json: items 165개 — 매칭 0 → skip
[11:46:20]   경기_안산시_상록구_요양원.json: items 80개 — 매칭 0 → skip
[11:46:20]   서울_서초구_요양원.json: items 20개 — 매칭 0 → skip
[11:46:20]   경기_수원시_영통구_요양원.json: items 20개 — 매칭 0 → skip
[11:46:20]   서울_강동구_요양원.json: items 39개 — 매칭 0 → skip
[11:46:20]   서울_강동구_회계사.json: items 8개 — 매칭 0 → skip
[11:46:20]   부산_사하구_요양병원.json: items 23→22 재기록
[11:46:20]   서울_강남구_회계사.json: items 168개 — 매칭 0 → skip
[11:46:20]   부산_강서구_요양병원.json: items 1개 모두 삭제 → 파일 삭제
[11:46:20]   경기_군포시_요양원.json: items 60개 — 매칭 0 → skip
[11:46:20]   부산_서구_요양병원.json: items 4개 — 매칭 0 → skip
[11:46:20]   경기_용인시_기흥구_요양원.json: items 5개 — 매칭 0 → skip
[11:46:20]   서울_마포구_요양원.json: items 12개 — 매칭 0 → skip
[11:46:20]   경기_용인시_요양원.json: items 166개 — 매칭 0 → skip
[11:46:20]   경기_고양시_덕양구_요양원.json: items 102개 — 매칭 0 → skip
[11:46:20]   부산_북구_요양병원.json: items 13개 — 매칭 0 → skip
[11:46:20]   places_20260721_112943.json: items 364→340 재기록
[11:46:20]   울산_동구_요양병원.json: items 4→3 재기록
[11:46:20]   경기_성남시_분당구_요양원.json: items 5개 — 매칭 0 → skip
[11:46:20]   서울_중구_요양원.json: items 8개 — 매칭 0 → skip
[11:46:20]   서울_은평구_요양원.json: items 33개 — 매칭 0 → skip
[11:46:20]   경기_안양시_요양원.json: items 64개 — 매칭 0 → skip
[11:46:20]   부산_남구_요양병원.json: items 9개 — 매칭 0 → skip
[11:46:20]   경남_창원시_성산구_요양병원.json: items 3→2 재기록
[11:46:20]   서울_송파구_요양원.json: items 36개 — 매칭 0 → skip
[11:46:20]   경남_거제시_요양병원.json: items 3개 — 매칭 0 → skip
[11:46:20]   경기_성남시_중원구_요양원.json: items 5개 — 매칭 0 → skip
[11:46:20]   경기_고양시_요양원.json: items 5개 — 매칭 0 → skip
[11:46:20]   서울_종로구_요양원.json: items 20개 — 매칭 0 → skip
[11:46:20]   부산진구_요양병원.json: items 16→15 재기록
[11:46:20]   서울_강남구_세무사.json: items 284개 — 매칭 0 → skip
[11:46:20]   경기_안양시_만안구_요양원.json: items 43개 — 매칭 0 → skip
[11:46:20]   경남_남해군_요양병원.json: items 1개 — 매칭 0 → skip
[11:46:20]   울산_중구_요양병원.json: items 7→6 재기록
[11:46:20]   서울_노원구_요양원.json: items 43개 — 매칭 0 → skip
[11:46:20]   서울_광진구_요양원.json: items 31개 — 매칭 0 → skip
[11:46:20]   서울_성동구_요양원.json: items 12개 — 매칭 0 → skip
[11:46:20]   경기_안산시_요양원.json: items 155개 — 매칭 0 → skip
[11:46:20]   경기_성남시_요양원.json: items 73개 — 매칭 0 → skip
[11:46:20]   울산_북구_요양병원.json: items 8개 — 매칭 0 → skip
[11:46:20]   경남_고성군_요양병원.json: items 3개 — 매칭 0 → skip
[11:46:20]   경기_평택시_요양원.json: items 83개 — 매칭 0 → skip
[11:46:20]   경남_창원시_마산합포구_요양병원.json: items 14개 — 매칭 0 → skip
[11:46:20]   경기_안산시_단원구_요양원.json: items 80개 — 매칭 0 → skip
[11:46:20]   서울_서대문구_요양원.json: items 23개 — 매칭 0 → skip
[11:46:20]   서울_강북구_요양원.json: items 34개 — 매칭 0 → skip
[11:46:20]   서울_강북구_헬스장.json: items 85개 — 매칭 0 → skip
[11:46:20]   경기_남양주시_요양원.json: items 234개 — 매칭 0 → skip
[11:46:20]   서울_양천구_요양원.json: items 30개 — 매칭 0 → skip
[11:46:20]   경기_수원시_팔달구_요양원.json: items 37개 — 매칭 0 → skip
[11:46:20]   서울_용산구_요양원.json: items 9개 — 매칭 0 → skip
[11:46:20]   부산_동구_요양병원.json: items 5개 — 매칭 0 → skip
[11:46:20]   서울_강서구_요양원.json: items 46개 — 매칭 0 → skip
[11:46:20]   places_20260621_131909.json: items 576개 — 매칭 0 → skip
[11:46:20]   경남_밀양시_요양병원.json: items 5개 — 매칭 0 → skip
[11:46:20]   경남_창녕군_요양병원.json: items 9→8 재기록
[11:46:20]   경남_함안군_요양병원.json: items 2개 — 매칭 0 → skip
[11:46:20]   서울_영등포구_요양원.json: items 20개 — 매칭 0 → skip
[11:46:20]   경기_안양시_동안구_요양원.json: items 22개 — 매칭 0 → skip
[11:46:20]   서울_금천구_요양원.json: items 35개 — 매칭 0 → skip
[11:46:20]   경남_창원시_마산회원구_요양병원.json: items 12→11 재기록
[11:46:20]   경기_의정부시_요양원.json: items 134개 — 매칭 0 → skip
[11:46:20]   경기_시흥시_요양원.json: items 121개 — 매칭 0 → skip
[11:46:20]   울산_남구_요양병원.json: items 17개 — 매칭 0 → skip
[11:46:20]   경기_성남시_수정구_요양원.json: items 24개 — 매칭 0 → skip
[11:46:20]   부산_금정구_요양병원.json: items 18개 — 매칭 0 → skip
[11:46:20]   부산_중구_요양병원.json: items 5→3 재기록
[11:46:20]   경남_창원시_의창구_요양병원.json: items 12개 — 매칭 0 → skip
[11:46:20]   places_20260621_091850.json: items 482개 — 매칭 0 → skip
[11:46:20]   서울_동작구_요양원.json: items 15개 — 매칭 0 → skip
[11:46:20]   경기_수원시_장안구_요양원.json: items 45개 — 매칭 0 → skip
[11:46:20]   경기_고양시_일산동구_요양원.json: items 115개 — 매칭 0 → skip
[11:46:20]   부산_기장군_요양병원.json: items 10→8 재기록
[11:46:20] _purge: crawled_data 364→340 동기화
[11:46:20] _purge 완료: 총 50개 제거
[12:37:13] _purge 호출 (places=22개)
[12:37:13] _purge: 22개 고유 key. 첫 key=('자연마을', '경기 광주시 도척면')
[12:37:13] _purge: log_dir=C:\Mac\Home\Desktop\프로그램\블로그마스터\logs\kidth1_todayisgood77
[12:37:13] _purge: 전체 130개 / 유효 .json 130개
[12:37:13]   경기_수원시_권선구_요양원.json: items 46개 — 매칭 0 → skip
[12:37:13]   서울_강북구_회계사.json: items 3개 — 매칭 0 → skip
[12:37:13]   경기_용인시_수지구_요양원.json: items 35개 — 매칭 0 → skip
[12:37:13]   경남_창원시_진해구_요양병원.json: items 4개 — 매칭 0 → skip
[12:37:13]   서울_성북구_요양원.json: items 43개 — 매칭 0 → skip
[12:37:13]   부산_수영구_요양병원.json: items 9개 — 매칭 0 → skip
[12:37:13]   서울_강남구_헬스장.json: items 285개 — 매칭 0 → skip
[12:37:13]   부산_해운대구_요양병원.json: items 16개 — 매칭 0 → skip
[12:37:13]   서울_강남구_요양원.json: items 30개 — 매칭 0 → skip
[12:37:13]   경남_진주시_요양병원.json: items 6개 — 매칭 0 → skip
[12:37:13]   경기_파주시_요양원.json: items 85개 — 매칭 0 → skip
[12:37:13]   places_20260721_122942.json: items 34→12 재기록
[12:37:13]   경남_거창군_요양병원.json: items 3개 — 매칭 0 → skip
[12:37:13]   경기_김포시_요양원.json: items 25개 — 매칭 0 → skip
[12:37:13]   부산_영도구_요양병원.json: items 5개 — 매칭 0 → skip
[12:37:13]   경기_수원시_권선구_암요양.json: items 2개 모두 삭제 → 파일 삭제
[12:37:13]   경남_합천군_요양병원.json: items 2개 — 매칭 0 → skip
[12:37:13]   경기_용인시_수지구_암요양.json: items 3개 — 매칭 0 → skip
[12:37:13]   경기_하남시_암요양.json: items 4개 — 매칭 0 → skip
[12:37:13]   경남_하동군_요양병원.json: items 3개 — 매칭 0 → skip
[12:37:13]   서울_도봉구_요양원.json: items 51개 — 매칭 0 → skip
[12:37:13]   경남_산청군_요양병원.json: items 1개 — 매칭 0 → skip
[12:37:13]   서울_강북구_세무사.json: items 55개 — 매칭 0 → skip
[12:37:13]   places_20260621_092222.json: items 178개 — 매칭 0 → skip
[12:37:13]   서울_중랑구_요양원.json: items 45개 — 매칭 0 → skip
[12:37:13]   서울_관악구_요양원.json: items 41개 — 매칭 0 → skip
[12:37:13]   경기_용인시_처인구_요양원.json: items 72개 — 매칭 0 → skip
[12:37:13]   경남_양산시_요양병원.json: items 16개 — 매칭 0 → skip
[12:37:13]   서울_동대문구_요양원.json: items 33개 — 매칭 0 → skip
[12:37:13]   부산_연제구_요양병원.json: items 15개 — 매칭 0 → skip
[12:37:13]   부산_동래구_요양병원.json: items 15개 — 매칭 0 → skip
[12:37:13]   서울_강동구_세무사.json: items 143개 — 매칭 0 → skip
[12:37:13]   울산_울주군_요양병원.json: items 13개 — 매칭 0 → skip
[12:37:13]   경기_광주시_암요양.json: items 6개 모두 삭제 → 파일 삭제
[12:37:13]   경남_통영시_요양병원.json: items 3개 — 매칭 0 → skip
[12:37:13]   경기_광명시_요양원.json: items 20개 — 매칭 0 → skip
[12:37:13]   경남_창원시_요양병원.json: items 43개 — 매칭 0 → skip
[12:37:13]   경기_수원시_요양원.json: items 147개 — 매칭 0 → skip
[12:37:13]   places_20260620_235909.json: items 855개 — 매칭 0 → skip
[12:37:13]   경남_사천시_요양병원.json: items 6개 — 매칭 0 → skip
[12:37:13]   경기_수원시_영통구_암요양.json: items 1개 모두 삭제 → 파일 삭제
[12:37:13]   서울_강동구_헬스장.json: items 206개 — 매칭 0 → skip
[12:37:13]   경기_화성시_요양원.json: items 158개 — 매칭 0 → skip
[12:37:13]   경남_김해시_요양병원.json: items 32개 — 매칭 0 → skip
[12:37:13]   부산_사상구_요양병원.json: items 17개 — 매칭 0 → skip
[12:37:13]   경기_고양시_일산서구_요양원.json: items 53개 — 매칭 0 → skip
[12:37:13]   경기_용인시_처인구_암요양.json: items 1개 — 매칭 0 → skip
[12:37:13]   places_20260621_140317.json: items 482개 — 매칭 0 → skip
[12:37:13]   places_20260621_152039.json: items 86개 — 매칭 0 → skip
[12:37:13]   서울_구로구_요양원.json: items 28개 — 매칭 0 → skip
[12:37:13]   경기_부천시_요양원.json: items 165개 — 매칭 0 → skip
[12:37:13]   경기_안산시_상록구_요양원.json: items 80개 — 매칭 0 → skip
[12:37:13]   서울_서초구_요양원.json: items 20개 — 매칭 0 → skip
[12:37:13]   경기_수원시_암요양.json: items 10개 모두 삭제 → 파일 삭제
[12:37:13]   경기_수원시_영통구_요양원.json: items 20개 — 매칭 0 → skip
[12:37:13]   서울_강동구_요양원.json: items 39개 — 매칭 0 → skip
[12:37:13]   서울_강동구_회계사.json: items 8개 — 매칭 0 → skip
[12:37:13]   부산_사하구_요양병원.json: items 22개 — 매칭 0 → skip
[12:37:13]   서울_강남구_회계사.json: items 168개 — 매칭 0 → skip
[12:37:13]   경기_군포시_요양원.json: items 60개 — 매칭 0 → skip
[12:37:13]   부산_서구_요양병원.json: items 4개 — 매칭 0 → skip
[12:37:13]   경기_용인시_기흥구_요양원.json: items 5개 — 매칭 0 → skip
[12:37:13]   서울_마포구_요양원.json: items 12개 — 매칭 0 → skip
[12:37:13]   경기_용인시_요양원.json: items 166개 — 매칭 0 → skip
[12:37:13]   경기_고양시_덕양구_요양원.json: items 102개 — 매칭 0 → skip
[12:37:13]   부산_북구_요양병원.json: items 13개 — 매칭 0 → skip
[12:37:13]   places_20260721_112943.json: items 340개 — 매칭 0 → skip
[12:37:13]   울산_동구_요양병원.json: items 3개 — 매칭 0 → skip
[12:37:13]   경기_성남시_분당구_요양원.json: items 5개 — 매칭 0 → skip
[12:37:13]   서울_중구_요양원.json: items 8개 — 매칭 0 → skip
[12:37:13]   경기_용인시_기흥구_암요양.json: items 5→4 재기록
[12:37:13]   서울_은평구_요양원.json: items 33개 — 매칭 0 → skip
[12:37:13]   경기_안양시_요양원.json: items 64개 — 매칭 0 → skip
[12:37:13]   부산_남구_요양병원.json: items 9개 — 매칭 0 → skip
[12:37:13]   경남_창원시_성산구_요양병원.json: items 2개 — 매칭 0 → skip
[12:37:13]   경기_용인시_암요양.json: items 9→8 재기록
[12:37:13]   서울_송파구_요양원.json: items 36개 — 매칭 0 → skip
[12:37:13]   경남_거제시_요양병원.json: items 3개 — 매칭 0 → skip
[12:37:13]   경기_성남시_중원구_요양원.json: items 5개 — 매칭 0 → skip
[12:37:13]   경기_고양시_요양원.json: items 5개 — 매칭 0 → skip
[12:37:13]   서울_종로구_요양원.json: items 20개 — 매칭 0 → skip
[12:37:13]   부산진구_요양병원.json: items 15개 — 매칭 0 → skip
[12:37:13]   서울_강남구_세무사.json: items 284개 — 매칭 0 → skip
[12:37:13]   경기_안양시_만안구_요양원.json: items 43개 — 매칭 0 → skip
[12:37:13]   경남_남해군_요양병원.json: items 1개 — 매칭 0 → skip
[12:37:13]   울산_중구_요양병원.json: items 6개 — 매칭 0 → skip
[12:37:13]   경기_성남시_분당구_암요양.json: items 3개 모두 삭제 → 파일 삭제
[12:37:13]   서울_노원구_요양원.json: items 43개 — 매칭 0 → skip
[12:37:13]   서울_광진구_요양원.json: items 31개 — 매칭 0 → skip
[12:37:13]   서울_성동구_요양원.json: items 12개 — 매칭 0 → skip
[12:37:13]   경기_안산시_요양원.json: items 155개 — 매칭 0 → skip
[12:37:13]   경기_성남시_요양원.json: items 73개 — 매칭 0 → skip
[12:37:13]   울산_북구_요양병원.json: items 8개 — 매칭 0 → skip
[12:37:13]   경남_고성군_요양병원.json: items 3개 — 매칭 0 → skip
[12:37:13]   경기_평택시_요양원.json: items 83개 — 매칭 0 → skip
[12:37:13]   경남_창원시_마산합포구_요양병원.json: items 14개 — 매칭 0 → skip
[12:37:13]   경기_안산시_단원구_요양원.json: items 80개 — 매칭 0 → skip
[12:37:13]   서울_서대문구_요양원.json: items 23개 — 매칭 0 → skip
[12:37:13]   서울_강북구_요양원.json: items 34개 — 매칭 0 → skip
[12:37:13]   서울_강북구_헬스장.json: items 85개 — 매칭 0 → skip
[12:37:13]   경기_성남시_수정구_암요양.json: items 2개 모두 삭제 → 파일 삭제
[12:37:13]   경기_남양주시_요양원.json: items 234개 — 매칭 0 → skip
[12:37:13]   서울_양천구_요양원.json: items 30개 — 매칭 0 → skip
[12:37:13]   경기_수원시_팔달구_요양원.json: items 37개 — 매칭 0 → skip
[12:37:13]   서울_용산구_요양원.json: items 9개 — 매칭 0 → skip
[12:37:13]   부산_동구_요양병원.json: items 5개 — 매칭 0 → skip
[12:37:13]   경기_수원시_장안구_암요양.json: items 2개 모두 삭제 → 파일 삭제
[12:37:13]   서울_강서구_요양원.json: items 46개 — 매칭 0 → skip
[12:37:13]   places_20260621_131909.json: items 576개 — 매칭 0 → skip
[12:37:13]   경남_밀양시_요양병원.json: items 5개 — 매칭 0 → skip
[12:37:13]   경남_창녕군_요양병원.json: items 8개 — 매칭 0 → skip
[12:37:13]   경남_함안군_요양병원.json: items 2개 — 매칭 0 → skip
[12:37:13]   서울_영등포구_요양원.json: items 20개 — 매칭 0 → skip
[12:37:13]   경기_안양시_동안구_요양원.json: items 22개 — 매칭 0 → skip
[12:37:13]   경기_성남시_암요양.json: items 5개 모두 삭제 → 파일 삭제
[12:37:13]   서울_금천구_요양원.json: items 35개 — 매칭 0 → skip
[12:37:13]   경남_창원시_마산회원구_요양병원.json: items 11개 — 매칭 0 → skip
[12:37:13]   경기_의정부시_요양원.json: items 134개 — 매칭 0 → skip
[12:37:13]   경기_시흥시_요양원.json: items 121개 — 매칭 0 → skip
[12:37:13]   울산_남구_요양병원.json: items 17개 — 매칭 0 → skip
[12:37:13]   경기_성남시_수정구_요양원.json: items 24개 — 매칭 0 → skip
[12:37:13]   부산_금정구_요양병원.json: items 18개 — 매칭 0 → skip
[12:37:13]   부산_중구_요양병원.json: items 3개 — 매칭 0 → skip
[12:37:13]   경남_창원시_의창구_요양병원.json: items 12개 — 매칭 0 → skip
[12:37:13]   places_20260621_091850.json: items 482개 — 매칭 0 → skip
[12:37:13]   서울_동작구_요양원.json: items 15개 — 매칭 0 → skip
[12:37:13]   경기_수원시_팔달구_암요양.json: items 5개 모두 삭제 → 파일 삭제
[12:37:13]   경기_수원시_장안구_요양원.json: items 45개 — 매칭 0 → skip
[12:37:13]   경기_고양시_일산동구_요양원.json: items 115개 — 매칭 0 → skip
[12:37:13]   부산_기장군_요양병원.json: items 8개 — 매칭 0 → skip
[12:37:13] _purge: crawled_data 34→12 동기화
[12:37:13] _purge 완료: 총 60개 제거
[12:37:45] _purge 호출 (places=12개)
[12:37:45] _purge: 12개 고유 key. 첫 key=('메디컬오스위트요양병원', '경기 하남시 풍산동')
[12:37:45] _purge: log_dir=C:\Mac\Home\Desktop\프로그램\블로그마스터\logs\kidth1_todayisgood77
[12:37:45] _purge: 전체 121개 / 유효 .json 121개
[12:37:45]   경기_수원시_권선구_요양원.json: items 46개 — 매칭 0 → skip
[12:37:45]   서울_강북구_회계사.json: items 3개 — 매칭 0 → skip
[12:37:45]   경기_용인시_수지구_요양원.json: items 35개 — 매칭 0 → skip
[12:37:45]   경남_창원시_진해구_요양병원.json: items 4개 — 매칭 0 → skip
[12:37:45]   서울_성북구_요양원.json: items 43개 — 매칭 0 → skip
[12:37:45]   부산_수영구_요양병원.json: items 9개 — 매칭 0 → skip
[12:37:45]   서울_강남구_헬스장.json: items 285개 — 매칭 0 → skip
[12:37:45]   부산_해운대구_요양병원.json: items 16개 — 매칭 0 → skip
[12:37:45]   서울_강남구_요양원.json: items 30개 — 매칭 0 → skip
[12:37:45]   경남_진주시_요양병원.json: items 6개 — 매칭 0 → skip
[12:37:45]   경기_파주시_요양원.json: items 85개 — 매칭 0 → skip
[12:37:45]   places_20260721_122942.json: items 12개 모두 삭제 → 파일 삭제
[12:37:45]   경남_거창군_요양병원.json: items 3개 — 매칭 0 → skip
[12:37:45]   경기_김포시_요양원.json: items 25개 — 매칭 0 → skip
[12:37:45]   부산_영도구_요양병원.json: items 5개 — 매칭 0 → skip
[12:37:45]   경남_합천군_요양병원.json: items 2개 — 매칭 0 → skip
[12:37:45]   경기_용인시_수지구_암요양.json: items 3개 모두 삭제 → 파일 삭제
[12:37:45]   경기_하남시_암요양.json: items 4개 모두 삭제 → 파일 삭제
[12:37:45]   경남_하동군_요양병원.json: items 3개 — 매칭 0 → skip
[12:37:45]   서울_도봉구_요양원.json: items 51개 — 매칭 0 → skip
[12:37:45]   경남_산청군_요양병원.json: items 1개 — 매칭 0 → skip
[12:37:45]   서울_강북구_세무사.json: items 55개 — 매칭 0 → skip
[12:37:45]   places_20260621_092222.json: items 178개 — 매칭 0 → skip
[12:37:45]   서울_중랑구_요양원.json: items 45개 — 매칭 0 → skip
[12:37:45]   서울_관악구_요양원.json: items 41개 — 매칭 0 → skip
[12:37:45]   경기_용인시_처인구_요양원.json: items 72개 — 매칭 0 → skip
[12:37:45]   경남_양산시_요양병원.json: items 16개 — 매칭 0 → skip
[12:37:45]   서울_동대문구_요양원.json: items 33개 — 매칭 0 → skip
[12:37:45]   부산_연제구_요양병원.json: items 15개 — 매칭 0 → skip
[12:37:45]   부산_동래구_요양병원.json: items 15개 — 매칭 0 → skip
[12:37:45]   서울_강동구_세무사.json: items 143개 — 매칭 0 → skip
[12:37:45]   울산_울주군_요양병원.json: items 13개 — 매칭 0 → skip
[12:37:45]   경남_통영시_요양병원.json: items 3개 — 매칭 0 → skip
[12:37:45]   경기_광명시_요양원.json: items 20개 — 매칭 0 → skip
[12:37:45]   경남_창원시_요양병원.json: items 43개 — 매칭 0 → skip
[12:37:45]   경기_수원시_요양원.json: items 147개 — 매칭 0 → skip
[12:37:45]   places_20260620_235909.json: items 855개 — 매칭 0 → skip
[12:37:45]   경남_사천시_요양병원.json: items 6개 — 매칭 0 → skip
[12:37:45]   서울_강동구_헬스장.json: items 206개 — 매칭 0 → skip
[12:37:45]   경기_화성시_요양원.json: items 158개 — 매칭 0 → skip
[12:37:45]   경남_김해시_요양병원.json: items 32개 — 매칭 0 → skip
[12:37:45]   부산_사상구_요양병원.json: items 17개 — 매칭 0 → skip
[12:37:45]   경기_고양시_일산서구_요양원.json: items 53개 — 매칭 0 → skip
[12:37:45]   경기_용인시_처인구_암요양.json: items 1개 모두 삭제 → 파일 삭제
[12:37:45]   places_20260621_140317.json: items 482개 — 매칭 0 → skip
[12:37:45]   places_20260621_152039.json: items 86개 — 매칭 0 → skip
[12:37:45]   서울_구로구_요양원.json: items 28개 — 매칭 0 → skip
[12:37:45]   경기_부천시_요양원.json: items 165개 — 매칭 0 → skip
[12:37:45]   경기_안산시_상록구_요양원.json: items 80개 — 매칭 0 → skip
[12:37:45]   서울_서초구_요양원.json: items 20개 — 매칭 0 → skip
[12:37:45]   경기_수원시_영통구_요양원.json: items 20개 — 매칭 0 → skip
[12:37:45]   서울_강동구_요양원.json: items 39개 — 매칭 0 → skip
[12:37:45]   서울_강동구_회계사.json: items 8개 — 매칭 0 → skip
[12:37:45]   부산_사하구_요양병원.json: items 22개 — 매칭 0 → skip
[12:37:45]   서울_강남구_회계사.json: items 168개 — 매칭 0 → skip
[12:37:45]   경기_군포시_요양원.json: items 60개 — 매칭 0 → skip
[12:37:45]   부산_서구_요양병원.json: items 4개 — 매칭 0 → skip
[12:37:45]   경기_용인시_기흥구_요양원.json: items 5개 — 매칭 0 → skip
[12:37:45]   서울_마포구_요양원.json: items 12개 — 매칭 0 → skip
[12:37:45]   경기_용인시_요양원.json: items 166개 — 매칭 0 → skip
[12:37:45]   경기_고양시_덕양구_요양원.json: items 102개 — 매칭 0 → skip
[12:37:45]   부산_북구_요양병원.json: items 13개 — 매칭 0 → skip
[12:37:45]   places_20260721_112943.json: items 340개 — 매칭 0 → skip
[12:37:45]   울산_동구_요양병원.json: items 3개 — 매칭 0 → skip
[12:37:45]   경기_성남시_분당구_요양원.json: items 5개 — 매칭 0 → skip
[12:37:45]   서울_중구_요양원.json: items 8개 — 매칭 0 → skip
[12:37:45]   경기_용인시_기흥구_암요양.json: items 4개 모두 삭제 → 파일 삭제
[12:37:45]   서울_은평구_요양원.json: items 33개 — 매칭 0 → skip
[12:37:45]   경기_안양시_요양원.json: items 64개 — 매칭 0 → skip
[12:37:45]   부산_남구_요양병원.json: items 9개 — 매칭 0 → skip
[12:37:45]   경남_창원시_성산구_요양병원.json: items 2개 — 매칭 0 → skip
[12:37:45]   경기_용인시_암요양.json: items 8개 모두 삭제 → 파일 삭제
[12:37:45]   서울_송파구_요양원.json: items 36개 — 매칭 0 → skip
[12:37:45]   경남_거제시_요양병원.json: items 3개 — 매칭 0 → skip
[12:37:45]   경기_성남시_중원구_요양원.json: items 5개 — 매칭 0 → skip
[12:37:45]   경기_고양시_요양원.json: items 5개 — 매칭 0 → skip
[12:37:45]   서울_종로구_요양원.json: items 20개 — 매칭 0 → skip
[12:37:45]   부산진구_요양병원.json: items 15개 — 매칭 0 → skip
[12:37:45]   서울_강남구_세무사.json: items 284개 — 매칭 0 → skip
[12:37:45]   경기_안양시_만안구_요양원.json: items 43개 — 매칭 0 → skip
[12:37:45]   경남_남해군_요양병원.json: items 1개 — 매칭 0 → skip
[12:37:45]   울산_중구_요양병원.json: items 6개 — 매칭 0 → skip
[12:37:45]   서울_노원구_요양원.json: items 43개 — 매칭 0 → skip
[12:37:45]   서울_광진구_요양원.json: items 31개 — 매칭 0 → skip
[12:37:45]   서울_성동구_요양원.json: items 12개 — 매칭 0 → skip
[12:37:45]   경기_안산시_요양원.json: items 155개 — 매칭 0 → skip
[12:37:45]   경기_성남시_요양원.json: items 73개 — 매칭 0 → skip
[12:37:45]   울산_북구_요양병원.json: items 8개 — 매칭 0 → skip
[12:37:45]   경남_고성군_요양병원.json: items 3개 — 매칭 0 → skip
[12:37:45]   경기_평택시_요양원.json: items 83개 — 매칭 0 → skip
[12:37:45]   경남_창원시_마산합포구_요양병원.json: items 14개 — 매칭 0 → skip
[12:37:45]   경기_안산시_단원구_요양원.json: items 80개 — 매칭 0 → skip
[12:37:45]   서울_서대문구_요양원.json: items 23개 — 매칭 0 → skip
[12:37:45]   서울_강북구_요양원.json: items 34개 — 매칭 0 → skip
[12:37:45]   서울_강북구_헬스장.json: items 85개 — 매칭 0 → skip
[12:37:45]   경기_남양주시_요양원.json: items 234개 — 매칭 0 → skip
[12:37:45]   서울_양천구_요양원.json: items 30개 — 매칭 0 → skip
[12:37:45]   경기_수원시_팔달구_요양원.json: items 37개 — 매칭 0 → skip
[12:37:45]   서울_용산구_요양원.json: items 9개 — 매칭 0 → skip
[12:37:45]   부산_동구_요양병원.json: items 5개 — 매칭 0 → skip
[12:37:45]   서울_강서구_요양원.json: items 46개 — 매칭 0 → skip
[12:37:45]   places_20260621_131909.json: items 576개 — 매칭 0 → skip
[12:37:45]   경남_밀양시_요양병원.json: items 5개 — 매칭 0 → skip
[12:37:45]   경남_창녕군_요양병원.json: items 8개 — 매칭 0 → skip
[12:37:45]   경남_함안군_요양병원.json: items 2개 — 매칭 0 → skip
[12:37:45]   서울_영등포구_요양원.json: items 20개 — 매칭 0 → skip
[12:37:45]   경기_안양시_동안구_요양원.json: items 22개 — 매칭 0 → skip
[12:37:45]   서울_금천구_요양원.json: items 35개 — 매칭 0 → skip
[12:37:45]   경남_창원시_마산회원구_요양병원.json: items 11개 — 매칭 0 → skip
[12:37:45]   경기_의정부시_요양원.json: items 134개 — 매칭 0 → skip
[12:37:45]   경기_시흥시_요양원.json: items 121개 — 매칭 0 → skip
[12:37:45]   울산_남구_요양병원.json: items 17개 — 매칭 0 → skip
[12:37:45]   경기_성남시_수정구_요양원.json: items 24개 — 매칭 0 → skip
[12:37:45]   부산_금정구_요양병원.json: items 18개 — 매칭 0 → skip
[12:37:45]   부산_중구_요양병원.json: items 3개 — 매칭 0 → skip
[12:37:45]   경남_창원시_의창구_요양병원.json: items 12개 — 매칭 0 → skip
[12:37:45]   places_20260621_091850.json: items 482개 — 매칭 0 → skip
[12:37:45]   서울_동작구_요양원.json: items 15개 — 매칭 0 → skip
[12:37:45]   경기_수원시_장안구_요양원.json: items 45개 — 매칭 0 → skip
[12:37:45]   경기_고양시_일산동구_요양원.json: items 115개 — 매칭 0 → skip
[12:37:45]   부산_기장군_요양병원.json: items 8개 — 매칭 0 → skip
[12:37:45] _purge: crawled_data 12→0 동기화
[12:37:45] _purge 완료: 총 32개 제거
[12:42:58] _purge 호출 (places=1개)
[12:42:58] _purge: 1개 고유 key. 첫 key=('감인의료재단 신갈백세요양병원별관', '경기 용인시 기흥구 신갈동')
[12:42:58] _purge: log_dir=C:\Mac\Home\Desktop\프로그램\블로그마스터\logs\kidth1_todayisgood77
[12:42:58] _purge: 전체 130개 / 유효 .json 130개
[12:42:58]   경기_수원시_권선구_요양원.json: items 46개 — 매칭 0 → skip
[12:42:58]   서울_강북구_회계사.json: items 3개 — 매칭 0 → skip
[12:42:58]   경기_용인시_수지구_요양원.json: items 35개 — 매칭 0 → skip
[12:42:58]   경남_창원시_진해구_요양병원.json: items 4개 — 매칭 0 → skip
[12:42:58]   서울_성북구_요양원.json: items 43개 — 매칭 0 → skip
[12:42:58]   부산_수영구_요양병원.json: items 9개 — 매칭 0 → skip
[12:42:58]   서울_강남구_헬스장.json: items 285개 — 매칭 0 → skip
[12:42:58]   부산_해운대구_요양병원.json: items 16개 — 매칭 0 → skip
[12:42:58]   서울_강남구_요양원.json: items 30개 — 매칭 0 → skip
[12:42:58]   경남_진주시_요양병원.json: items 6개 — 매칭 0 → skip
[12:42:58]   경기_파주시_요양원.json: items 85개 — 매칭 0 → skip
[12:42:58]   경남_거창군_요양병원.json: items 3개 — 매칭 0 → skip
[12:42:58]   경기_김포시_요양원.json: items 25개 — 매칭 0 → skip
[12:42:58]   부산_영도구_요양병원.json: items 5개 — 매칭 0 → skip
[12:42:58]   경기_수원시_권선구_암요양.json: items 2개 — 매칭 0 → skip
[12:42:58]   경남_합천군_요양병원.json: items 2개 — 매칭 0 → skip
[12:42:58]   경기_용인시_수지구_암요양.json: items 3개 — 매칭 0 → skip
[12:42:58]   경기_하남시_암요양.json: items 4개 — 매칭 0 → skip
[12:42:58]   경남_하동군_요양병원.json: items 3개 — 매칭 0 → skip
[12:42:58]   서울_도봉구_요양원.json: items 51개 — 매칭 0 → skip
[12:42:58]   경남_산청군_요양병원.json: items 1개 — 매칭 0 → skip
[12:42:58]   서울_강북구_세무사.json: items 55개 — 매칭 0 → skip
[12:42:58]   places_20260621_092222.json: items 178개 — 매칭 0 → skip
[12:42:58]   서울_중랑구_요양원.json: items 45개 — 매칭 0 → skip
[12:42:58]   서울_관악구_요양원.json: items 41개 — 매칭 0 → skip
[12:42:58]   경기_용인시_처인구_요양원.json: items 72개 — 매칭 0 → skip
[12:42:58]   경남_양산시_요양병원.json: items 16개 — 매칭 0 → skip
[12:42:58]   서울_동대문구_요양원.json: items 33개 — 매칭 0 → skip
[12:42:58]   부산_연제구_요양병원.json: items 15개 — 매칭 0 → skip
[12:42:58]   부산_동래구_요양병원.json: items 15개 — 매칭 0 → skip
[12:42:58]   서울_강동구_세무사.json: items 143개 — 매칭 0 → skip
[12:42:58]   울산_울주군_요양병원.json: items 13개 — 매칭 0 → skip
[12:42:58]   경기_광주시_암요양.json: items 6개 — 매칭 0 → skip
[12:42:58]   경남_통영시_요양병원.json: items 3개 — 매칭 0 → skip
[12:42:58]   경기_광명시_요양원.json: items 20개 — 매칭 0 → skip
[12:42:58]   경남_창원시_요양병원.json: items 43개 — 매칭 0 → skip
[12:42:58]   경기_수원시_요양원.json: items 147개 — 매칭 0 → skip
[12:42:58]   places_20260620_235909.json: items 855개 — 매칭 0 → skip
[12:42:58]   경남_사천시_요양병원.json: items 6개 — 매칭 0 → skip
[12:42:58]   경기_수원시_영통구_암요양.json: items 1개 — 매칭 0 → skip
[12:42:58]   places_20260721_123749.json: items 34→33 재기록
[12:42:58]   서울_강동구_헬스장.json: items 206개 — 매칭 0 → skip
[12:42:58]   경기_화성시_요양원.json: items 158개 — 매칭 0 → skip
[12:42:58]   경남_김해시_요양병원.json: items 32개 — 매칭 0 → skip
[12:42:58]   부산_사상구_요양병원.json: items 17개 — 매칭 0 → skip
[12:42:58]   경기_고양시_일산서구_요양원.json: items 53개 — 매칭 0 → skip
[12:42:58]   경기_용인시_처인구_암요양.json: items 1개 — 매칭 0 → skip
[12:42:58]   places_20260621_140317.json: items 482개 — 매칭 0 → skip
[12:42:58]   places_20260621_152039.json: items 86개 — 매칭 0 → skip
[12:42:58]   서울_구로구_요양원.json: items 28개 — 매칭 0 → skip
[12:42:58]   경기_부천시_요양원.json: items 165개 — 매칭 0 → skip
[12:42:58]   경기_안산시_상록구_요양원.json: items 80개 — 매칭 0 → skip
[12:42:58]   서울_서초구_요양원.json: items 20개 — 매칭 0 → skip
[12:42:58]   경기_수원시_암요양.json: items 10개 — 매칭 0 → skip
[12:42:58]   경기_수원시_영통구_요양원.json: items 20개 — 매칭 0 → skip
[12:42:58]   서울_강동구_요양원.json: items 39개 — 매칭 0 → skip
[12:42:58]   서울_강동구_회계사.json: items 8개 — 매칭 0 → skip
[12:42:58]   부산_사하구_요양병원.json: items 22개 — 매칭 0 → skip
[12:42:58]   서울_강남구_회계사.json: items 168개 — 매칭 0 → skip
[12:42:58]   경기_군포시_요양원.json: items 60개 — 매칭 0 → skip
[12:42:58]   부산_서구_요양병원.json: items 4개 — 매칭 0 → skip
[12:42:58]   경기_용인시_기흥구_요양원.json: items 5개 — 매칭 0 → skip
[12:42:58]   서울_마포구_요양원.json: items 12개 — 매칭 0 → skip
[12:42:58]   경기_용인시_요양원.json: items 166개 — 매칭 0 → skip
[12:42:58]   경기_고양시_덕양구_요양원.json: items 102개 — 매칭 0 → skip
[12:42:58]   부산_북구_요양병원.json: items 13개 — 매칭 0 → skip
[12:42:58]   places_20260721_112943.json: items 340개 — 매칭 0 → skip
[12:42:58]   울산_동구_요양병원.json: items 3개 — 매칭 0 → skip
[12:42:58]   경기_성남시_분당구_요양원.json: items 5개 — 매칭 0 → skip
[12:42:58]   서울_중구_요양원.json: items 8개 — 매칭 0 → skip
[12:42:58]   경기_용인시_기흥구_암요양.json: items 5→4 재기록
[12:42:58]   서울_은평구_요양원.json: items 33개 — 매칭 0 → skip
[12:42:58]   경기_안양시_요양원.json: items 64개 — 매칭 0 → skip
[12:42:58]   부산_남구_요양병원.json: items 9개 — 매칭 0 → skip
[12:42:58]   경남_창원시_성산구_요양병원.json: items 2개 — 매칭 0 → skip
[12:42:58]   경기_용인시_암요양.json: items 9→8 재기록
[12:42:58]   서울_송파구_요양원.json: items 36개 — 매칭 0 → skip
[12:42:58]   경남_거제시_요양병원.json: items 3개 — 매칭 0 → skip
[12:42:58]   경기_성남시_중원구_요양원.json: items 5개 — 매칭 0 → skip
[12:42:58]   경기_고양시_요양원.json: items 5개 — 매칭 0 → skip
[12:42:58]   서울_종로구_요양원.json: items 20개 — 매칭 0 → skip
[12:42:58]   부산진구_요양병원.json: items 15개 — 매칭 0 → skip
[12:42:58]   서울_강남구_세무사.json: items 284개 — 매칭 0 → skip
[12:42:58]   경기_안양시_만안구_요양원.json: items 43개 — 매칭 0 → skip
[12:42:58]   경남_남해군_요양병원.json: items 1개 — 매칭 0 → skip
[12:42:58]   울산_중구_요양병원.json: items 6개 — 매칭 0 → skip
[12:42:58]   경기_성남시_분당구_암요양.json: items 3개 — 매칭 0 → skip
[12:42:58]   서울_노원구_요양원.json: items 43개 — 매칭 0 → skip
[12:42:58]   서울_광진구_요양원.json: items 31개 — 매칭 0 → skip
[12:42:58]   서울_성동구_요양원.json: items 12개 — 매칭 0 → skip
[12:42:58]   경기_안산시_요양원.json: items 155개 — 매칭 0 → skip
[12:42:58]   경기_성남시_요양원.json: items 73개 — 매칭 0 → skip
[12:42:58]   울산_북구_요양병원.json: items 8개 — 매칭 0 → skip
[12:42:58]   경남_고성군_요양병원.json: items 3개 — 매칭 0 → skip
[12:42:58]   경기_평택시_요양원.json: items 83개 — 매칭 0 → skip
[12:42:58]   경남_창원시_마산합포구_요양병원.json: items 14개 — 매칭 0 → skip
[12:42:58]   경기_안산시_단원구_요양원.json: items 80개 — 매칭 0 → skip
[12:42:58]   서울_서대문구_요양원.json: items 23개 — 매칭 0 → skip
[12:42:58]   서울_강북구_요양원.json: items 34개 — 매칭 0 → skip
[12:42:58]   서울_강북구_헬스장.json: items 85개 — 매칭 0 → skip
[12:42:58]   경기_성남시_수정구_암요양.json: items 2개 — 매칭 0 → skip
[12:42:58]   경기_남양주시_요양원.json: items 234개 — 매칭 0 → skip
[12:42:58]   서울_양천구_요양원.json: items 30개 — 매칭 0 → skip
[12:42:58]   경기_수원시_팔달구_요양원.json: items 37개 — 매칭 0 → skip
[12:42:58]   서울_용산구_요양원.json: items 9개 — 매칭 0 → skip
[12:42:58]   부산_동구_요양병원.json: items 5개 — 매칭 0 → skip
[12:42:58]   경기_수원시_장안구_암요양.json: items 2개 — 매칭 0 → skip
[12:42:58]   서울_강서구_요양원.json: items 46개 — 매칭 0 → skip
[12:42:58]   places_20260621_131909.json: items 576개 — 매칭 0 → skip
[12:42:58]   경남_밀양시_요양병원.json: items 5개 — 매칭 0 → skip
[12:42:58]   경남_창녕군_요양병원.json: items 8개 — 매칭 0 → skip
[12:42:58]   경남_함안군_요양병원.json: items 2개 — 매칭 0 → skip
[12:42:58]   서울_영등포구_요양원.json: items 20개 — 매칭 0 → skip
[12:42:58]   경기_안양시_동안구_요양원.json: items 22개 — 매칭 0 → skip
[12:42:58]   경기_성남시_암요양.json: items 5개 — 매칭 0 → skip
[12:42:58]   서울_금천구_요양원.json: items 35개 — 매칭 0 → skip
[12:42:58]   경남_창원시_마산회원구_요양병원.json: items 11개 — 매칭 0 → skip
[12:42:58]   경기_의정부시_요양원.json: items 134개 — 매칭 0 → skip
[12:42:58]   경기_시흥시_요양원.json: items 121개 — 매칭 0 → skip
[12:42:58]   울산_남구_요양병원.json: items 17개 — 매칭 0 → skip
[12:42:58]   경기_성남시_수정구_요양원.json: items 24개 — 매칭 0 → skip
[12:42:58]   부산_금정구_요양병원.json: items 18개 — 매칭 0 → skip
[12:42:58]   부산_중구_요양병원.json: items 3개 — 매칭 0 → skip
[12:42:58]   경남_창원시_의창구_요양병원.json: items 12개 — 매칭 0 → skip
[12:42:58]   places_20260621_091850.json: items 482개 — 매칭 0 → skip
[12:42:58]   서울_동작구_요양원.json: items 15개 — 매칭 0 → skip
[12:42:58]   경기_수원시_팔달구_암요양.json: items 5개 — 매칭 0 → skip
[12:42:58]   경기_수원시_장안구_요양원.json: items 45개 — 매칭 0 → skip
[12:42:58]   경기_고양시_일산동구_요양원.json: items 115개 — 매칭 0 → skip
[12:42:58]   부산_기장군_요양병원.json: items 8개 — 매칭 0 → skip
[12:42:58] _purge: crawled_data 34→33 동기화
[12:42:58] _purge 완료: 총 3개 제거
